// Vitest Snapshot v1

exports[`Toaster > should match its default snapshot 1`] = `<!---->`;
