// Vitest Snapshot v1

exports[`Dropdown > should match its default snapshot 1`] = `
<div
  class="inline-block"
  data-id="sds-dropdown"
>
  <div
    class="inline-block w-full"
  >
    
    
    <button
      aria-expanded="false"
      aria-haspopup="true"
      class="btn space-x btn-default"
      id="unique-id"
      type="button"
    >
      
      
      
      <svg
        class="inline-block self-center w-5 h-5 -mr-1"
        fill="currentColor"
        viewBox="0 0 20 20"
        xmlns="http://www.w3.org/2000/svg"
      >
        <path
          clip-rule="evenodd"
          d="M5.293 7.293a1 1 0 011.414 0L10 10.586l3.293-3.293a1 1 0 111.414 1.414l-4 4a1 1 0 01-1.414 0l-4-4a1 1 0 010-1.414z"
          fill-rule="evenodd"
        />
      </svg>
    </button>
    
    
  </div>
  <!---->
</div>
`;
