// Vitest Snapshot v1

exports[`CharacterCounter > should match its default snapshot 1`] = `
<div
  class=""
  data-id="sds-character-counter"
>
  0
</div>
`;
