// Vitest Snapshot v1

exports[`Select > should match its default snapshot 1`] = `
<select
  class="form-control"
  data-id="sds-select"
>
  <option
    disabled=""
    value=""
  />
  
  <option
    value="1"
  >
    Option 1
  </option>
  <option
    value="2"
  >
    Option 2
  </option>
  <option
    value="3"
  >
    Option 3
  </option>
  
</select>
`;
