// Vitest Snapshot v1

exports[`Modal > should match its default snapshot 1`] = `<!---->`;
